<?xml version="1.0"?>
<link_info>
   <banner>TMS320C2000 Linker PC v16.9.1.LTS</banner>
   <copyright>Copyright (c) 1996-2015 Texas Instruments Incorporated</copyright>
   <link_time>0x5b1b77f0</link_time>
   <link_errors>0x0</link_errors>
   <output_file>adc_soc_continuous_dma_cpu01.out</output_file>
   <entry_point>
      <name>_c_int00</name>
      <address>0x84697</address>
   </entry_point>
   <input_file_list>
      <input_file id="fl-2">
         <path>.\</path>
         <kind>object</kind>
         <file>F2837xS_Adc.obj</file>
         <name>F2837xS_Adc.obj</name>
      </input_file>
      <input_file id="fl-3">
         <path>.\</path>
         <kind>object</kind>
         <file>F2837xS_CodeStartBranch.obj</file>
         <name>F2837xS_CodeStartBranch.obj</name>
      </input_file>
      <input_file id="fl-4">
         <path>.\</path>
         <kind>object</kind>
         <file>F2837xS_DefaultISR.obj</file>
         <name>F2837xS_DefaultISR.obj</name>
      </input_file>
      <input_file id="fl-5">
         <path>.\</path>
         <kind>object</kind>
         <file>F2837xS_Dma.obj</file>
         <name>F2837xS_Dma.obj</name>
      </input_file>
      <input_file id="fl-6">
         <path>.\</path>
         <kind>object</kind>
         <file>F2837xS_GlobalVariableDefs.obj</file>
         <name>F2837xS_GlobalVariableDefs.obj</name>
      </input_file>
      <input_file id="fl-7">
         <path>.\</path>
         <kind>object</kind>
         <file>F2837xS_Gpio.obj</file>
         <name>F2837xS_Gpio.obj</name>
      </input_file>
      <input_file id="fl-8">
         <path>.\</path>
         <kind>object</kind>
         <file>F2837xS_PieCtrl.obj</file>
         <name>F2837xS_PieCtrl.obj</name>
      </input_file>
      <input_file id="fl-9">
         <path>.\</path>
         <kind>object</kind>
         <file>F2837xS_PieVect.obj</file>
         <name>F2837xS_PieVect.obj</name>
      </input_file>
      <input_file id="fl-a">
         <path>.\</path>
         <kind>object</kind>
         <file>F2837xS_SysCtrl.obj</file>
         <name>F2837xS_SysCtrl.obj</name>
      </input_file>
      <input_file id="fl-b">
         <path>.\</path>
         <kind>object</kind>
         <file>F2837xS_usDelay.obj</file>
         <name>F2837xS_usDelay.obj</name>
      </input_file>
      <input_file id="fl-c">
         <path>.\</path>
         <kind>object</kind>
         <file>adc_soc_continuous_dma_cpu01.obj</file>
         <name>adc_soc_continuous_dma_cpu01.obj</name>
      </input_file>
      <input_file id="fl-13">
         <path>D:\ti\ccs700\ccsv7\tools\compiler\ti-cgt-c2000_16.9.1.LTS\lib\</path>
         <kind>archive</kind>
         <file>rts2800_fpu32.lib</file>
         <name>boot28.obj</name>
      </input_file>
      <input_file id="fl-14">
         <path>D:\ti\ccs700\ccsv7\tools\compiler\ti-cgt-c2000_16.9.1.LTS\lib\</path>
         <kind>archive</kind>
         <file>rts2800_fpu32.lib</file>
         <name>cpy_tbl.obj</name>
      </input_file>
      <input_file id="fl-15">
         <path>D:\ti\ccs700\ccsv7\tools\compiler\ti-cgt-c2000_16.9.1.LTS\lib\</path>
         <kind>archive</kind>
         <file>rts2800_fpu32.lib</file>
         <name>exit.obj</name>
      </input_file>
      <input_file id="fl-16">
         <path>D:\ti\ccs700\ccsv7\tools\compiler\ti-cgt-c2000_16.9.1.LTS\lib\</path>
         <kind>archive</kind>
         <file>rts2800_fpu32.lib</file>
         <name>fs_div28.obj</name>
      </input_file>
      <input_file id="fl-17">
         <path>D:\ti\ccs700\ccsv7\tools\compiler\ti-cgt-c2000_16.9.1.LTS\lib\</path>
         <kind>archive</kind>
         <file>rts2800_fpu32.lib</file>
         <name>memcpy.obj</name>
      </input_file>
      <input_file id="fl-18">
         <path>D:\ti\ccs700\ccsv7\tools\compiler\ti-cgt-c2000_16.9.1.LTS\lib\</path>
         <kind>archive</kind>
         <file>rts2800_fpu32.lib</file>
         <name>pre_init.obj</name>
      </input_file>
      <input_file id="fl-19">
         <path>D:\ti\ccs700\ccsv7\tools\compiler\ti-cgt-c2000_16.9.1.LTS\lib\</path>
         <kind>archive</kind>
         <file>rts2800_fpu32.lib</file>
         <name>sprintf.obj</name>
      </input_file>
      <input_file id="fl-1a">
         <path>D:\ti\ccs700\ccsv7\tools\compiler\ti-cgt-c2000_16.9.1.LTS\lib\</path>
         <kind>archive</kind>
         <file>rts2800_fpu32.lib</file>
         <name>startup.obj</name>
      </input_file>
      <input_file id="fl-1b">
         <path>D:\ti\ccs700\ccsv7\tools\compiler\ti-cgt-c2000_16.9.1.LTS\lib\</path>
         <kind>archive</kind>
         <file>rts2800_fpu32.lib</file>
         <name>strlen.obj</name>
      </input_file>
      <input_file id="fl-1c">
         <path>D:\ti\ccs700\ccsv7\tools\compiler\ti-cgt-c2000_16.9.1.LTS\lib\</path>
         <kind>archive</kind>
         <file>rts2800_fpu32.lib</file>
         <name>_lock.obj</name>
      </input_file>
      <input_file id="fl-1d">
         <path>D:\ti\ccs700\ccsv7\tools\compiler\ti-cgt-c2000_16.9.1.LTS\lib\</path>
         <kind>archive</kind>
         <file>rts2800_fpu32.lib</file>
         <name>_printfi.obj</name>
      </input_file>
      <input_file id="fl-1e">
         <path>D:\ti\ccs700\ccsv7\tools\compiler\ti-cgt-c2000_16.9.1.LTS\lib\</path>
         <kind>archive</kind>
         <file>rts2800_fpu32.lib</file>
         <name>args_main.obj</name>
      </input_file>
      <input_file id="fl-1f">
         <path>D:\ti\ccs700\ccsv7\tools\compiler\ti-cgt-c2000_16.9.1.LTS\lib\</path>
         <kind>archive</kind>
         <file>rts2800_fpu32.lib</file>
         <name>atoi.obj</name>
      </input_file>
      <input_file id="fl-20">
         <path>D:\ti\ccs700\ccsv7\tools\compiler\ti-cgt-c2000_16.9.1.LTS\lib\</path>
         <kind>archive</kind>
         <file>rts2800_fpu32.lib</file>
         <name>ctype.obj</name>
      </input_file>
      <input_file id="fl-21">
         <path>D:\ti\ccs700\ccsv7\tools\compiler\ti-cgt-c2000_16.9.1.LTS\lib\</path>
         <kind>archive</kind>
         <file>rts2800_fpu32.lib</file>
         <name>fd_cmp28.obj</name>
      </input_file>
      <input_file id="fl-22">
         <path>D:\ti\ccs700\ccsv7\tools\compiler\ti-cgt-c2000_16.9.1.LTS\lib\</path>
         <kind>archive</kind>
         <file>rts2800_fpu32.lib</file>
         <name>fd_div28.obj</name>
      </input_file>
      <input_file id="fl-23">
         <path>D:\ti\ccs700\ccsv7\tools\compiler\ti-cgt-c2000_16.9.1.LTS\lib\</path>
         <kind>archive</kind>
         <file>rts2800_fpu32.lib</file>
         <name>fd_mpy28.obj</name>
      </input_file>
      <input_file id="fl-24">
         <path>D:\ti\ccs700\ccsv7\tools\compiler\ti-cgt-c2000_16.9.1.LTS\lib\</path>
         <kind>archive</kind>
         <file>rts2800_fpu32.lib</file>
         <name>fd_neg28.obj</name>
      </input_file>
      <input_file id="fl-25">
         <path>D:\ti\ccs700\ccsv7\tools\compiler\ti-cgt-c2000_16.9.1.LTS\lib\</path>
         <kind>archive</kind>
         <file>rts2800_fpu32.lib</file>
         <name>fd_sub28.obj</name>
      </input_file>
      <input_file id="fl-26">
         <path>D:\ti\ccs700\ccsv7\tools\compiler\ti-cgt-c2000_16.9.1.LTS\lib\</path>
         <kind>archive</kind>
         <file>rts2800_fpu32.lib</file>
         <name>fd_toi28.obj</name>
      </input_file>
      <input_file id="fl-27">
         <path>D:\ti\ccs700\ccsv7\tools\compiler\ti-cgt-c2000_16.9.1.LTS\lib\</path>
         <kind>archive</kind>
         <file>rts2800_fpu32.lib</file>
         <name>fd_tol28.obj</name>
      </input_file>
      <input_file id="fl-28">
         <path>D:\ti\ccs700\ccsv7\tools\compiler\ti-cgt-c2000_16.9.1.LTS\lib\</path>
         <kind>archive</kind>
         <file>rts2800_fpu32.lib</file>
         <name>fs_tofdfpu32.obj</name>
      </input_file>
      <input_file id="fl-29">
         <path>D:\ti\ccs700\ccsv7\tools\compiler\ti-cgt-c2000_16.9.1.LTS\lib\</path>
         <kind>archive</kind>
         <file>rts2800_fpu32.lib</file>
         <name>i_tofd28.obj</name>
      </input_file>
      <input_file id="fl-2a">
         <path>D:\ti\ccs700\ccsv7\tools\compiler\ti-cgt-c2000_16.9.1.LTS\lib\</path>
         <kind>archive</kind>
         <file>rts2800_fpu32.lib</file>
         <name>l_tofd28.obj</name>
      </input_file>
      <input_file id="fl-2b">
         <path>D:\ti\ccs700\ccsv7\tools\compiler\ti-cgt-c2000_16.9.1.LTS\lib\</path>
         <kind>archive</kind>
         <file>rts2800_fpu32.lib</file>
         <name>ll_aox28.obj</name>
      </input_file>
      <input_file id="fl-2c">
         <path>D:\ti\ccs700\ccsv7\tools\compiler\ti-cgt-c2000_16.9.1.LTS\lib\</path>
         <kind>archive</kind>
         <file>rts2800_fpu32.lib</file>
         <name>ll_cmp28.obj</name>
      </input_file>
      <input_file id="fl-2d">
         <path>D:\ti\ccs700\ccsv7\tools\compiler\ti-cgt-c2000_16.9.1.LTS\lib\</path>
         <kind>archive</kind>
         <file>rts2800_fpu32.lib</file>
         <name>ll_div28.obj</name>
      </input_file>
      <input_file id="fl-2e">
         <path>D:\ti\ccs700\ccsv7\tools\compiler\ti-cgt-c2000_16.9.1.LTS\lib\</path>
         <kind>archive</kind>
         <file>rts2800_fpu32.lib</file>
         <name>ltoa.obj</name>
      </input_file>
      <input_file id="fl-2f">
         <path>D:\ti\ccs700\ccsv7\tools\compiler\ti-cgt-c2000_16.9.1.LTS\lib\</path>
         <kind>archive</kind>
         <file>rts2800_fpu32.lib</file>
         <name>memccpy.obj</name>
      </input_file>
      <input_file id="fl-30">
         <path>D:\ti\ccs700\ccsv7\tools\compiler\ti-cgt-c2000_16.9.1.LTS\lib\</path>
         <kind>archive</kind>
         <file>rts2800_fpu32.lib</file>
         <name>memset.obj</name>
      </input_file>
      <input_file id="fl-31">
         <path>D:\ti\ccs700\ccsv7\tools\compiler\ti-cgt-c2000_16.9.1.LTS\lib\</path>
         <kind>archive</kind>
         <file>rts2800_fpu32.lib</file>
         <name>s_frexp.obj</name>
      </input_file>
      <input_file id="fl-32">
         <path>D:\ti\ccs700\ccsv7\tools\compiler\ti-cgt-c2000_16.9.1.LTS\lib\</path>
         <kind>archive</kind>
         <file>rts2800_fpu32.lib</file>
         <name>s_scalbn.obj</name>
      </input_file>
      <input_file id="fl-33">
         <path>D:\ti\ccs700\ccsv7\tools\compiler\ti-cgt-c2000_16.9.1.LTS\lib\</path>
         <kind>archive</kind>
         <file>rts2800_fpu32.lib</file>
         <name>strchr.obj</name>
      </input_file>
      <input_file id="fl-34">
         <path>D:\ti\ccs700\ccsv7\tools\compiler\ti-cgt-c2000_16.9.1.LTS\lib\</path>
         <kind>archive</kind>
         <file>rts2800_fpu32.lib</file>
         <name>strcpy.obj</name>
      </input_file>
      <input_file id="fl-35">
         <path>D:\ti\ccs700\ccsv7\tools\compiler\ti-cgt-c2000_16.9.1.LTS\lib\</path>
         <kind>archive</kind>
         <file>rts2800_fpu32.lib</file>
         <name>errno.obj</name>
      </input_file>
      <input_file id="fl-36">
         <path>D:\ti\ccs700\ccsv7\tools\compiler\ti-cgt-c2000_16.9.1.LTS\lib\</path>
         <kind>archive</kind>
         <file>rts2800_fpu32.lib</file>
         <name>fd_add28.obj</name>
      </input_file>
      <input_file id="fl-37">
         <path>D:\ti\ccs700\ccsv7\tools\compiler\ti-cgt-c2000_16.9.1.LTS\lib\</path>
         <kind>archive</kind>
         <file>rts2800_fpu32.lib</file>
         <name>l_div28.obj</name>
      </input_file>
      <input_file id="fl-38">
         <path>D:\ti\ccs700\ccsv7\tools\compiler\ti-cgt-c2000_16.9.1.LTS\lib\</path>
         <kind>archive</kind>
         <file>rts2800_fpu32.lib</file>
         <name>s_copysign.obj</name>
      </input_file>
   </input_file_list>
   <object_component_list>
      <object_component id="oc-127">
         <name>.cinit</name>
         <load_address>0x82000</load_address>
         <run_address>0x82000</run_address>
         <size>0xe</size>
         <input_file_ref idref="fl-15"/>
      </object_component>
      <object_component id="oc-1e4">
         <name>.cinit:__lock</name>
         <load_address>0x8200e</load_address>
         <run_address>0x8200e</run_address>
         <size>0x5</size>
         <input_file_ref idref="fl-1c"/>
      </object_component>
      <object_component id="oc-1ee">
         <name>.cinit:__unlock</name>
         <load_address>0x82013</load_address>
         <run_address>0x82013</run_address>
         <size>0x5</size>
         <input_file_ref idref="fl-1c"/>
      </object_component>
      <object_component id="oc-111">
         <name>.cinit</name>
         <load_address>0x82018</load_address>
         <run_address>0x82018</run_address>
         <size>0x4</size>
         <input_file_ref idref="fl-c"/>
      </object_component>
      <object_component id="oc-1ca">
         <name>.cinit</name>
         <load_address>0x8201c</load_address>
         <run_address>0x8201c</run_address>
         <size>0x4</size>
         <input_file_ref idref="fl-35"/>
      </object_component>
      <object_component id="oc-1f1">
         <name>.text</name>
         <load_address>0x82024</load_address>
         <run_address>0x82024</run_address>
         <size>0xc16</size>
         <input_file_ref idref="fl-1d"/>
      </object_component>
      <object_component id="oc-89">
         <name>.text:retain</name>
         <load_address>0x82c3a</load_address>
         <run_address>0x82c3a</run_address>
         <size>0x585</size>
         <input_file_ref idref="fl-4"/>
      </object_component>
      <object_component id="oc-1e5">
         <name>.text</name>
         <load_address>0x831bf</load_address>
         <run_address>0x831bf</run_address>
         <size>0x491</size>
         <input_file_ref idref="fl-a"/>
      </object_component>
      <object_component id="oc-1e2">
         <name>.text</name>
         <load_address>0x83650</load_address>
         <run_address>0x83650</run_address>
         <size>0x40e</size>
         <input_file_ref idref="fl-c"/>
      </object_component>
      <object_component id="oc-1e9">
         <name>.text</name>
         <load_address>0x83a5e</load_address>
         <run_address>0x83a5e</run_address>
         <size>0x404</size>
         <input_file_ref idref="fl-5"/>
      </object_component>
      <object_component id="oc-19f">
         <name>.text</name>
         <load_address>0x83e62</load_address>
         <run_address>0x83e62</run_address>
         <size>0x107</size>
         <input_file_ref idref="fl-2d"/>
      </object_component>
      <object_component id="oc-168">
         <name>.text</name>
         <load_address>0x83f69</load_address>
         <run_address>0x83f69</run_address>
         <size>0x8b</size>
         <input_file_ref idref="fl-22"/>
      </object_component>
      <object_component id="oc-1f8">
         <name>.text</name>
         <load_address>0x83ff4</load_address>
         <run_address>0x83ff4</run_address>
         <size>0xc</size>
         <input_file_ref idref="fl-30"/>
      </object_component>
      <object_component id="oc-1e6">
         <name>.text</name>
         <load_address>0x84000</load_address>
         <run_address>0x84000</run_address>
         <size>0x240</size>
         <input_file_ref idref="fl-7"/>
      </object_component>
      <object_component id="oc-1ec">
         <name>.text</name>
         <load_address>0x84240</load_address>
         <run_address>0x84240</run_address>
         <size>0xd9</size>
         <input_file_ref idref="fl-2"/>
      </object_component>
      <object_component id="oc-114">
         <name>.text:retain</name>
         <load_address>0x84319</load_address>
         <run_address>0x84319</run_address>
         <size>0xc1</size>
         <input_file_ref idref="fl-c"/>
      </object_component>
      <object_component id="oc-1f6">
         <name>.text</name>
         <load_address>0x843da</load_address>
         <run_address>0x843da</run_address>
         <size>0xbc</size>
         <input_file_ref idref="fl-32"/>
      </object_component>
      <object_component id="oc-1cd">
         <name>.text</name>
         <load_address>0x84496</load_address>
         <run_address>0x84496</run_address>
         <size>0x9c</size>
         <input_file_ref idref="fl-36"/>
      </object_component>
      <object_component id="oc-12d">
         <name>.text</name>
         <load_address>0x84532</load_address>
         <run_address>0x84532</run_address>
         <size>0x88</size>
         <input_file_ref idref="fl-16"/>
      </object_component>
      <object_component id="oc-16d">
         <name>.text</name>
         <load_address>0x845ba</load_address>
         <run_address>0x845ba</run_address>
         <size>0x83</size>
         <input_file_ref idref="fl-23"/>
      </object_component>
      <object_component id="oc-1f5">
         <name>.text</name>
         <load_address>0x8463d</load_address>
         <run_address>0x8463d</run_address>
         <size>0x5a</size>
         <input_file_ref idref="fl-31"/>
      </object_component>
      <object_component id="oc-7d">
         <name>.text</name>
         <load_address>0x84697</load_address>
         <run_address>0x84697</run_address>
         <size>0x56</size>
         <input_file_ref idref="fl-13"/>
      </object_component>
      <object_component id="oc-1ea">
         <name>.text</name>
         <load_address>0x846ed</load_address>
         <run_address>0x846ed</run_address>
         <size>0x32</size>
         <input_file_ref idref="fl-19"/>
      </object_component>
      <object_component id="oc-1f3">
         <name>.text</name>
         <load_address>0x8471f</load_address>
         <run_address>0x8471f</run_address>
         <size>0x31</size>
         <input_file_ref idref="fl-1f"/>
      </object_component>
      <object_component id="oc-1f4">
         <name>.text</name>
         <load_address>0x84750</load_address>
         <run_address>0x84750</run_address>
         <size>0x2e</size>
         <input_file_ref idref="fl-2e"/>
      </object_component>
      <object_component id="oc-163">
         <name>.text</name>
         <load_address>0x8477e</load_address>
         <run_address>0x8477e</run_address>
         <size>0x2a</size>
         <input_file_ref idref="fl-21"/>
      </object_component>
      <object_component id="oc-1d2">
         <name>.text</name>
         <load_address>0x847a8</load_address>
         <run_address>0x847a8</run_address>
         <size>0x2a</size>
         <input_file_ref idref="fl-37"/>
      </object_component>
      <object_component id="oc-1e0">
         <name>.text</name>
         <load_address>0x847d2</load_address>
         <run_address>0x847d2</run_address>
         <size>0x29</size>
         <input_file_ref idref="fl-15"/>
      </object_component>
      <object_component id="oc-1e7">
         <name>.text</name>
         <load_address>0x847fb</load_address>
         <run_address>0x847fb</run_address>
         <size>0x28</size>
         <input_file_ref idref="fl-8"/>
      </object_component>
      <object_component id="oc-1e8">
         <name>.text</name>
         <load_address>0x84823</load_address>
         <run_address>0x84823</run_address>
         <size>0x26</size>
         <input_file_ref idref="fl-9"/>
      </object_component>
      <object_component id="oc-1dd">
         <name>.text</name>
         <load_address>0x84849</load_address>
         <run_address>0x84849</run_address>
         <size>0x24</size>
         <input_file_ref idref="fl-14"/>
      </object_component>
      <object_component id="oc-1fc">
         <name>.text</name>
         <load_address>0x8486d</load_address>
         <run_address>0x8486d</run_address>
         <size>0x24</size>
         <input_file_ref idref="fl-38"/>
      </object_component>
      <object_component id="oc-17c">
         <name>.text</name>
         <load_address>0x84891</load_address>
         <run_address>0x84891</run_address>
         <size>0x21</size>
         <input_file_ref idref="fl-26"/>
      </object_component>
      <object_component id="oc-181">
         <name>.text</name>
         <load_address>0x848b2</load_address>
         <run_address>0x848b2</run_address>
         <size>0x1f</size>
         <input_file_ref idref="fl-27"/>
      </object_component>
      <object_component id="oc-19a">
         <name>.text</name>
         <load_address>0x848d1</load_address>
         <run_address>0x848d1</run_address>
         <size>0x1e</size>
         <input_file_ref idref="fl-2c"/>
      </object_component>
      <object_component id="oc-1e1">
         <name>.text</name>
         <load_address>0x848ef</load_address>
         <run_address>0x848ef</run_address>
         <size>0x1e</size>
         <input_file_ref idref="fl-17"/>
      </object_component>
      <object_component id="oc-18b">
         <name>.text</name>
         <load_address>0x8490d</load_address>
         <run_address>0x8490d</run_address>
         <size>0x1d</size>
         <input_file_ref idref="fl-29"/>
      </object_component>
      <object_component id="oc-186">
         <name>.text</name>
         <load_address>0x8492a</load_address>
         <run_address>0x8492a</run_address>
         <size>0x1c</size>
         <input_file_ref idref="fl-28"/>
      </object_component>
      <object_component id="oc-190">
         <name>.text</name>
         <load_address>0x84946</load_address>
         <run_address>0x84946</run_address>
         <size>0x1c</size>
         <input_file_ref idref="fl-2a"/>
      </object_component>
      <object_component id="oc-1df">
         <name>.text</name>
         <load_address>0x84962</load_address>
         <run_address>0x84962</run_address>
         <size>0x19</size>
         <input_file_ref idref="fl-1e"/>
      </object_component>
      <object_component id="oc-195">
         <name>.text</name>
         <load_address>0x8497b</load_address>
         <run_address>0x8497b</run_address>
         <size>0x18</size>
         <input_file_ref idref="fl-2b"/>
      </object_component>
      <object_component id="oc-177">
         <name>.text</name>
         <load_address>0x84993</load_address>
         <run_address>0x84993</run_address>
         <size>0xe</size>
         <input_file_ref idref="fl-25"/>
      </object_component>
      <object_component id="oc-1fa">
         <name>.text</name>
         <load_address>0x849a1</load_address>
         <run_address>0x849a1</run_address>
         <size>0xd</size>
         <input_file_ref idref="fl-2f"/>
      </object_component>
      <object_component id="oc-1f7">
         <name>.text</name>
         <load_address>0x849ae</load_address>
         <run_address>0x849ae</run_address>
         <size>0xc</size>
         <input_file_ref idref="fl-33"/>
      </object_component>
      <object_component id="oc-1ed">
         <name>.text</name>
         <load_address>0x849ba</load_address>
         <run_address>0x849ba</run_address>
         <size>0x9</size>
         <input_file_ref idref="fl-1c"/>
      </object_component>
      <object_component id="oc-172">
         <name>.text</name>
         <load_address>0x849c3</load_address>
         <run_address>0x849c3</run_address>
         <size>0x9</size>
         <input_file_ref idref="fl-24"/>
      </object_component>
      <object_component id="oc-1eb">
         <name>.text</name>
         <load_address>0x849cc</load_address>
         <run_address>0x849cc</run_address>
         <size>0x8</size>
         <input_file_ref idref="fl-1b"/>
      </object_component>
      <object_component id="oc-1f9">
         <name>.text</name>
         <load_address>0x849d4</load_address>
         <run_address>0x849d4</run_address>
         <size>0x5</size>
         <input_file_ref idref="fl-34"/>
      </object_component>
      <object_component id="oc-1dc">
         <name>.text</name>
         <load_address>0x849d9</load_address>
         <run_address>0x849d9</run_address>
         <size>0x2</size>
         <input_file_ref idref="fl-18"/>
      </object_component>
      <object_component id="oc-1de">
         <name>.text</name>
         <load_address>0x849db</load_address>
         <run_address>0x849db</run_address>
         <size>0x1</size>
         <input_file_ref idref="fl-1a"/>
      </object_component>
      <object_component id="oc-83">
         <name>codestart</name>
         <load_address>0x80000</load_address>
         <run_address>0x80000</run_address>
         <size>0x2</size>
         <input_file_ref idref="fl-3"/>
      </object_component>
      <object_component id="oc-11b">
         <name>.stack</name>
         <uninitialized>true</uninitialized>
         <run_address>0x400</run_address>
         <size>0x0</size>
         <input_file_ref idref="fl-13"/>
      </object_component>
      <object_component id="oc-281">
         <name>.stack</name>
         <uninitialized>true</uninitialized>
         <run_address>0x400</run_address>
         <size>0x0</size>
      </object_component>
      <object_component id="oc-112">
         <name>.ebss</name>
         <uninitialized>true</uninitialized>
         <run_address>0xa800</run_address>
         <size>0xc0</size>
         <input_file_ref idref="fl-c"/>
      </object_component>
      <object_component id="oc-128">
         <name>.ebss</name>
         <uninitialized>true</uninitialized>
         <run_address>0xa8c0</run_address>
         <size>0x6</size>
         <input_file_ref idref="fl-15"/>
      </object_component>
      <object_component id="oc-1e3">
         <name>.ebss:__lock</name>
         <uninitialized>true</uninitialized>
         <run_address>0xa8c6</run_address>
         <size>0x2</size>
         <input_file_ref idref="fl-1c"/>
      </object_component>
      <object_component id="oc-1f2">
         <name>.ebss:__unlock</name>
         <uninitialized>true</uninitialized>
         <run_address>0xa8c8</run_address>
         <size>0x2</size>
         <input_file_ref idref="fl-1c"/>
      </object_component>
      <object_component id="oc-1cb">
         <name>.ebss</name>
         <uninitialized>true</uninitialized>
         <run_address>0xa8ca</run_address>
         <size>0x1</size>
         <input_file_ref idref="fl-35"/>
      </object_component>
      <object_component id="oc-1f0">
         <name>.econst:_PieVectTableInit</name>
         <load_address>0x90000</load_address>
         <run_address>0x90000</run_address>
         <size>0x1c0</size>
         <input_file_ref idref="fl-9"/>
      </object_component>
      <object_component id="oc-1fb">
         <name>.econst:.string:__ctypes_</name>
         <load_address>0x901c0</load_address>
         <run_address>0x901c0</run_address>
         <size>0x101</size>
         <input_file_ref idref="fl-20"/>
      </object_component>
      <object_component id="oc-152">
         <name>.econst:.string</name>
         <load_address>0x902c2</load_address>
         <run_address>0x902c2</run_address>
         <size>0x26</size>
         <input_file_ref idref="fl-1d"/>
      </object_component>
      <object_component id="oc-151">
         <name>.econst</name>
         <load_address>0x902e8</load_address>
         <run_address>0x902e8</run_address>
         <size>0x1c</size>
         <input_file_ref idref="fl-1d"/>
      </object_component>
      <object_component id="oc-1ba">
         <name>.econst</name>
         <load_address>0x90304</load_address>
         <run_address>0x90304</run_address>
         <size>0x1c</size>
         <input_file_ref idref="fl-32"/>
      </object_component>
      <object_component id="oc-116">
         <name>.econst:.string</name>
         <load_address>0x90320</load_address>
         <run_address>0x90320</run_address>
         <size>0xb</size>
         <input_file_ref idref="fl-c"/>
      </object_component>
      <object_component id="oc-1b4">
         <name>.econst</name>
         <load_address>0x9032c</load_address>
         <run_address>0x9032c</run_address>
         <size>0x8</size>
         <input_file_ref idref="fl-31"/>
      </object_component>
      <object_component id="oc-11c">
         <name>.reset</name>
         <load_address>0x3fffc0</load_address>
         <run_address>0x3fffc0</run_address>
         <size>0x2</size>
         <input_file_ref idref="fl-13"/>
      </object_component>
      <object_component id="oc-1ef">
         <name>.TI.ramfunc</name>
         <load_address>0x86000</load_address>
         <run_address>0x8000</run_address>
         <size>0x6e</size>
         <input_file_ref idref="fl-a"/>
      </object_component>
      <object_component id="oc-115">
         <name>.TI.ramfunc:retain</name>
         <load_address>0x8606e</load_address>
         <run_address>0x806e</run_address>
         <size>0x37</size>
         <input_file_ref idref="fl-c"/>
      </object_component>
      <object_component id="oc-10b">
         <name>.TI.ramfunc</name>
         <load_address>0x860a5</load_address>
         <run_address>0x80a5</run_address>
         <size>0x4</size>
         <input_file_ref idref="fl-b"/>
      </object_component>
      <object_component id="oc-113">
         <name>ramgs0</name>
         <uninitialized>true</uninitialized>
         <run_address>0xc000</run_address>
         <size>0x800</size>
         <input_file_ref idref="fl-c"/>
      </object_component>
      <object_component id="oc-f5">
         <name>PieVectTableFile</name>
         <uninitialized>true</uninitialized>
         <run_address>0xd00</run_address>
         <size>0x1c0</size>
         <input_file_ref idref="fl-6"/>
      </object_component>
      <object_component id="oc-94">
         <name>EmuBModeVar</name>
         <uninitialized>true</uninitialized>
         <run_address>0xd00</run_address>
         <size>0x1</size>
         <input_file_ref idref="fl-6"/>
      </object_component>
      <object_component id="oc-95">
         <name>EmuBootPinsVar</name>
         <uninitialized>true</uninitialized>
         <run_address>0xd01</run_address>
         <size>0x1</size>
         <input_file_ref idref="fl-6"/>
      </object_component>
      <object_component id="oc-ad">
         <name>AdcaResultFile</name>
         <uninitialized>true</uninitialized>
         <run_address>0xb00</run_address>
         <size>0x18</size>
         <input_file_ref idref="fl-6"/>
      </object_component>
      <object_component id="oc-ae">
         <name>AdcbResultFile</name>
         <uninitialized>true</uninitialized>
         <run_address>0xb20</run_address>
         <size>0x18</size>
         <input_file_ref idref="fl-6"/>
      </object_component>
      <object_component id="oc-ab">
         <name>AdccResultFile</name>
         <uninitialized>true</uninitialized>
         <run_address>0xb40</run_address>
         <size>0x18</size>
         <input_file_ref idref="fl-6"/>
      </object_component>
      <object_component id="oc-ac">
         <name>AdcdResultFile</name>
         <uninitialized>true</uninitialized>
         <run_address>0xb60</run_address>
         <size>0x18</size>
         <input_file_ref idref="fl-6"/>
      </object_component>
      <object_component id="oc-dc">
         <name>AdcaRegsFile</name>
         <uninitialized>true</uninitialized>
         <run_address>0x7400</run_address>
         <size>0x80</size>
         <input_file_ref idref="fl-6"/>
      </object_component>
      <object_component id="oc-dd">
         <name>AdcbRegsFile</name>
         <uninitialized>true</uninitialized>
         <run_address>0x7480</run_address>
         <size>0x80</size>
         <input_file_ref idref="fl-6"/>
      </object_component>
      <object_component id="oc-da">
         <name>AdccRegsFile</name>
         <uninitialized>true</uninitialized>
         <run_address>0x7500</run_address>
         <size>0x80</size>
         <input_file_ref idref="fl-6"/>
      </object_component>
      <object_component id="oc-de">
         <name>AdcdRegsFile</name>
         <uninitialized>true</uninitialized>
         <run_address>0x7580</run_address>
         <size>0x80</size>
         <input_file_ref idref="fl-6"/>
      </object_component>
      <object_component id="oc-d7">
         <name>AnalogSubsysRegsFile</name>
         <uninitialized>true</uninitialized>
         <run_address>0x5d180</run_address>
         <size>0x48</size>
         <input_file_ref idref="fl-6"/>
      </object_component>
      <object_component id="oc-f0">
         <name>CanaRegsFile</name>
         <uninitialized>true</uninitialized>
         <run_address>0x48000</run_address>
         <size>0x164</size>
         <input_file_ref idref="fl-6"/>
      </object_component>
      <object_component id="oc-f1">
         <name>CanbRegsFile</name>
         <uninitialized>true</uninitialized>
         <run_address>0x4a000</run_address>
         <size>0x164</size>
         <input_file_ref idref="fl-6"/>
      </object_component>
      <object_component id="oc-d1">
         <name>Cla1RegsFile</name>
         <uninitialized>true</uninitialized>
         <run_address>0x1400</run_address>
         <size>0x3e</size>
         <input_file_ref idref="fl-6"/>
      </object_component>
      <object_component id="oc-99">
         <name>Cla1SoftIntRegsFile</name>
         <uninitialized>true</uninitialized>
         <run_address>0xce0</run_address>
         <size>0x4</size>
         <input_file_ref idref="fl-6"/>
      </object_component>
      <object_component id="oc-c2">
         <name>Cmpss1RegsFile</name>
         <uninitialized>true</uninitialized>
         <run_address>0x5c80</run_address>
         <size>0x20</size>
         <input_file_ref idref="fl-6"/>
      </object_component>
      <object_component id="oc-ba">
         <name>Cmpss2RegsFile</name>
         <uninitialized>true</uninitialized>
         <run_address>0x5ca0</run_address>
         <size>0x20</size>
         <input_file_ref idref="fl-6"/>
      </object_component>
      <object_component id="oc-b9">
         <name>Cmpss3RegsFile</name>
         <uninitialized>true</uninitialized>
         <run_address>0x5cc0</run_address>
         <size>0x20</size>
         <input_file_ref idref="fl-6"/>
      </object_component>
      <object_component id="oc-bb">
         <name>Cmpss4RegsFile</name>
         <uninitialized>true</uninitialized>
         <run_address>0x5ce0</run_address>
         <size>0x20</size>
         <input_file_ref idref="fl-6"/>
      </object_component>
      <object_component id="oc-bd">
         <name>Cmpss5RegsFile</name>
         <uninitialized>true</uninitialized>
         <run_address>0x5d00</run_address>
         <size>0x20</size>
         <input_file_ref idref="fl-6"/>
      </object_component>
      <object_component id="oc-bc">
         <name>Cmpss6RegsFile</name>
         <uninitialized>true</uninitialized>
         <run_address>0x5d20</run_address>
         <size>0x20</size>
         <input_file_ref idref="fl-6"/>
      </object_component>
      <object_component id="oc-c1">
         <name>Cmpss7RegsFile</name>
         <uninitialized>true</uninitialized>
         <run_address>0x5d40</run_address>
         <size>0x20</size>
         <input_file_ref idref="fl-6"/>
      </object_component>
      <object_component id="oc-c0">
         <name>Cmpss8RegsFile</name>
         <uninitialized>true</uninitialized>
         <run_address>0x5d60</run_address>
         <size>0x20</size>
         <input_file_ref idref="fl-6"/>
      </object_component>
      <object_component id="oc-a0">
         <name>CpuTimer0RegsFile</name>
         <uninitialized>true</uninitialized>
         <run_address>0xc00</run_address>
         <size>0x8</size>
         <input_file_ref idref="fl-6"/>
      </object_component>
      <object_component id="oc-9f">
         <name>CpuTimer1RegsFile</name>
         <uninitialized>true</uninitialized>
         <run_address>0xc08</run_address>
         <size>0x8</size>
         <input_file_ref idref="fl-6"/>
      </object_component>
      <object_component id="oc-a1">
         <name>CpuTimer2RegsFile</name>
         <uninitialized>true</uninitialized>
         <run_address>0xc10</run_address>
         <size>0x8</size>
         <input_file_ref idref="fl-6"/>
      </object_component>
      <object_component id="oc-a2">
         <name>DacaRegsFile</name>
         <uninitialized>true</uninitialized>
         <run_address>0x5c00</run_address>
         <size>0x8</size>
         <input_file_ref idref="fl-6"/>
      </object_component>
      <object_component id="oc-9d">
         <name>DacbRegsFile</name>
         <uninitialized>true</uninitialized>
         <run_address>0x5c10</run_address>
         <size>0x8</size>
         <input_file_ref idref="fl-6"/>
      </object_component>
      <object_component id="oc-9c">
         <name>DaccRegsFile</name>
         <uninitialized>true</uninitialized>
         <run_address>0x5c20</run_address>
         <size>0x8</size>
         <input_file_ref idref="fl-6"/>
      </object_component>
      <object_component id="oc-cb">
         <name>DcsmZ1RegsFile</name>
         <uninitialized>true</uninitialized>
         <run_address>0x5f000</run_address>
         <size>0x24</size>
         <input_file_ref idref="fl-6"/>
      </object_component>
      <object_component id="oc-c8">
         <name>DcsmZ2RegsFile</name>
         <uninitialized>true</uninitialized>
         <run_address>0x5f040</run_address>
         <size>0x24</size>
         <input_file_ref idref="fl-6"/>
      </object_component>
      <object_component id="oc-9e">
         <name>DcsmCommonRegsFile</name>
         <uninitialized>true</uninitialized>
         <run_address>0x5f070</run_address>
         <size>0x8</size>
         <input_file_ref idref="fl-6"/>
      </object_component>
      <object_component id="oc-e2">
         <name>DmaRegsFile</name>
         <uninitialized>true</uninitialized>
         <run_address>0x1000</run_address>
         <size>0xe0</size>
         <input_file_ref idref="fl-6"/>
      </object_component>
      <object_component id="oc-b0">
         <name>DmaClaSrcSelRegsFile</name>
         <uninitialized>true</uninitialized>
         <run_address>0x7980</run_address>
         <size>0x1a</size>
         <input_file_ref idref="fl-6"/>
      </object_component>
      <object_component id="oc-be">
         <name>ECap1RegsFile</name>
         <uninitialized>true</uninitialized>
         <run_address>0x5000</run_address>
         <size>0x20</size>
         <input_file_ref idref="fl-6"/>
      </object_component>
      <object_component id="oc-bf">
         <name>ECap2RegsFile</name>
         <uninitialized>true</uninitialized>
         <run_address>0x5020</run_address>
         <size>0x20</size>
         <input_file_ref idref="fl-6"/>
      </object_component>
      <object_component id="oc-b3">
         <name>ECap3RegsFile</name>
         <uninitialized>true</uninitialized>
         <run_address>0x5040</run_address>
         <size>0x20</size>
         <input_file_ref idref="fl-6"/>
      </object_component>
      <object_component id="oc-b4">
         <name>ECap4RegsFile</name>
         <uninitialized>true</uninitialized>
         <run_address>0x5060</run_address>
         <size>0x20</size>
         <input_file_ref idref="fl-6"/>
      </object_component>
      <object_component id="oc-b7">
         <name>ECap5RegsFile</name>
         <uninitialized>true</uninitialized>
         <run_address>0x5080</run_address>
         <size>0x20</size>
         <input_file_ref idref="fl-6"/>
      </object_component>
      <object_component id="oc-b5">
         <name>ECap6RegsFile</name>
         <uninitialized>true</uninitialized>
         <run_address>0x50a0</run_address>
         <size>0x20</size>
         <input_file_ref idref="fl-6"/>
      </object_component>
      <object_component id="oc-d9">
         <name>Emif1RegsFile</name>
         <uninitialized>true</uninitialized>
         <run_address>0x47000</run_address>
         <size>0x70</size>
         <input_file_ref idref="fl-6"/>
      </object_component>
      <object_component id="oc-d8">
         <name>Emif2RegsFile</name>
         <uninitialized>true</uninitialized>
         <run_address>0x47800</run_address>
         <size>0x70</size>
         <input_file_ref idref="fl-6"/>
      </object_component>
      <object_component id="oc-e7">
         <name>EPwm1RegsFile</name>
         <uninitialized>true</uninitialized>
         <run_address>0x4000</run_address>
         <size>0x100</size>
         <input_file_ref idref="fl-6"/>
      </object_component>
      <object_component id="oc-e6">
         <name>EPwm2RegsFile</name>
         <uninitialized>true</uninitialized>
         <run_address>0x4100</run_address>
         <size>0x100</size>
         <input_file_ref idref="fl-6"/>
      </object_component>
      <object_component id="oc-e9">
         <name>EPwm3RegsFile</name>
         <uninitialized>true</uninitialized>
         <run_address>0x4200</run_address>
         <size>0x100</size>
         <input_file_ref idref="fl-6"/>
      </object_component>
      <object_component id="oc-e4">
         <name>EPwm4RegsFile</name>
         <uninitialized>true</uninitialized>
         <run_address>0x4300</run_address>
         <size>0x100</size>
         <input_file_ref idref="fl-6"/>
      </object_component>
      <object_component id="oc-e3">
         <name>EPwm5RegsFile</name>
         <uninitialized>true</uninitialized>
         <run_address>0x4400</run_address>
         <size>0x100</size>
         <input_file_ref idref="fl-6"/>
      </object_component>
      <object_component id="oc-e8">
         <name>EPwm6RegsFile</name>
         <uninitialized>true</uninitialized>
         <run_address>0x4500</run_address>
         <size>0x100</size>
         <input_file_ref idref="fl-6"/>
      </object_component>
      <object_component id="oc-e5">
         <name>EPwm7RegsFile</name>
         <uninitialized>true</uninitialized>
         <run_address>0x4600</run_address>
         <size>0x100</size>
         <input_file_ref idref="fl-6"/>
      </object_component>
      <object_component id="oc-ee">
         <name>EPwm8RegsFile</name>
         <uninitialized>true</uninitialized>
         <run_address>0x4700</run_address>
         <size>0x100</size>
         <input_file_ref idref="fl-6"/>
      </object_component>
      <object_component id="oc-ec">
         <name>EPwm9RegsFile</name>
         <uninitialized>true</uninitialized>
         <run_address>0x4800</run_address>
         <size>0x100</size>
         <input_file_ref idref="fl-6"/>
      </object_component>
      <object_component id="oc-ed">
         <name>EPwm10RegsFile</name>
         <uninitialized>true</uninitialized>
         <run_address>0x4900</run_address>
         <size>0x100</size>
         <input_file_ref idref="fl-6"/>
      </object_component>
      <object_component id="oc-ea">
         <name>EPwm11RegsFile</name>
         <uninitialized>true</uninitialized>
         <run_address>0x4a00</run_address>
         <size>0x100</size>
         <input_file_ref idref="fl-6"/>
      </object_component>
      <object_component id="oc-eb">
         <name>EPwm12RegsFile</name>
         <uninitialized>true</uninitialized>
         <run_address>0x4b00</run_address>
         <size>0x100</size>
         <input_file_ref idref="fl-6"/>
      </object_component>
      <object_component id="oc-d4">
         <name>EPwmXbarRegsFile</name>
         <uninitialized>true</uninitialized>
         <run_address>0x7a00</run_address>
         <size>0x40</size>
         <input_file_ref idref="fl-6"/>
      </object_component>
      <object_component id="oc-c3">
         <name>EQep1RegsFile</name>
         <uninitialized>true</uninitialized>
         <run_address>0x5100</run_address>
         <size>0x22</size>
         <input_file_ref idref="fl-6"/>
      </object_component>
      <object_component id="oc-c6">
         <name>EQep2RegsFile</name>
         <uninitialized>true</uninitialized>
         <run_address>0x5140</run_address>
         <size>0x22</size>
         <input_file_ref idref="fl-6"/>
      </object_component>
      <object_component id="oc-c5">
         <name>EQep3RegsFile</name>
         <uninitialized>true</uninitialized>
         <run_address>0x5180</run_address>
         <size>0x22</size>
         <input_file_ref idref="fl-6"/>
      </object_component>
      <object_component id="oc-f4">
         <name>Flash0CtrlRegsFile</name>
         <uninitialized>true</uninitialized>
         <run_address>0x5f800</run_address>
         <size>0x182</size>
         <input_file_ref idref="fl-6"/>
      </object_component>
      <object_component id="oc-cd">
         <name>Flash0EccRegsFile</name>
         <uninitialized>true</uninitialized>
         <run_address>0x5fb00</run_address>
         <size>0x28</size>
         <input_file_ref idref="fl-6"/>
      </object_component>
      <object_component id="oc-f3">
         <name>Flash1CtrlRegsFile</name>
         <uninitialized>true</uninitialized>
         <run_address>0x5fc00</run_address>
         <size>0x182</size>
         <input_file_ref idref="fl-6"/>
      </object_component>
      <object_component id="oc-cc">
         <name>Flash1EccRegsFile</name>
         <uninitialized>true</uninitialized>
         <run_address>0x5ff00</run_address>
         <size>0x28</size>
         <input_file_ref idref="fl-6"/>
      </object_component>
      <object_component id="oc-f2">
         <name>GpioCtrlRegsFile</name>
         <uninitialized>true</uninitialized>
         <run_address>0x7c00</run_address>
         <size>0x180</size>
         <input_file_ref idref="fl-6"/>
      </object_component>
      <object_component id="oc-cf">
         <name>GpioDataRegsFile</name>
         <uninitialized>true</uninitialized>
         <run_address>0x7f00</run_address>
         <size>0x30</size>
         <input_file_ref idref="fl-6"/>
      </object_component>
      <object_component id="oc-d5">
         <name>OutputXbarRegsFile</name>
         <uninitialized>true</uninitialized>
         <run_address>0x7a80</run_address>
         <size>0x40</size>
         <input_file_ref idref="fl-6"/>
      </object_component>
      <object_component id="oc-c4">
         <name>I2caRegsFile</name>
         <uninitialized>true</uninitialized>
         <run_address>0x7300</run_address>
         <size>0x22</size>
         <input_file_ref idref="fl-6"/>
      </object_component>
      <object_component id="oc-c7">
         <name>I2cbRegsFile</name>
         <uninitialized>true</uninitialized>
         <run_address>0x7340</run_address>
         <size>0x22</size>
         <input_file_ref idref="fl-6"/>
      </object_component>
      <object_component id="oc-b1">
         <name>InputXbarRegsFile</name>
         <uninitialized>true</uninitialized>
         <run_address>0x7900</run_address>
         <size>0x20</size>
         <input_file_ref idref="fl-6"/>
      </object_component>
      <object_component id="oc-b6">
         <name>XbarRegsFile</name>
         <uninitialized>true</uninitialized>
         <run_address>0x7920</run_address>
         <size>0x20</size>
         <input_file_ref idref="fl-6"/>
      </object_component>
      <object_component id="oc-97">
         <name>FlashPumpSemaphoreRegsFile</name>
         <uninitialized>true</uninitialized>
         <run_address>0x50024</run_address>
         <size>0x2</size>
         <input_file_ref idref="fl-6"/>
      </object_component>
      <object_component id="oc-98">
         <name>RomPrefetchRegsFile</name>
         <uninitialized>true</uninitialized>
         <run_address>0x5e608</run_address>
         <size>0x2</size>
         <input_file_ref idref="fl-6"/>
      </object_component>
      <object_component id="oc-e0">
         <name>MemCfgRegsFile</name>
         <uninitialized>true</uninitialized>
         <run_address>0x5f400</run_address>
         <size>0x80</size>
         <input_file_ref idref="fl-6"/>
      </object_component>
      <object_component id="oc-b8">
         <name>Emif1ConfigRegsFile</name>
         <uninitialized>true</uninitialized>
         <run_address>0x5f480</run_address>
         <size>0x20</size>
         <input_file_ref idref="fl-6"/>
      </object_component>
      <object_component id="oc-b2">
         <name>Emif2ConfigRegsFile</name>
         <uninitialized>true</uninitialized>
         <run_address>0x5f4a0</run_address>
         <size>0x20</size>
         <input_file_ref idref="fl-6"/>
      </object_component>
      <object_component id="oc-d3">
         <name>AccessProtectionRegsFile</name>
         <uninitialized>true</uninitialized>
         <run_address>0x5f4c0</run_address>
         <size>0x40</size>
         <input_file_ref idref="fl-6"/>
      </object_component>
      <object_component id="oc-d2">
         <name>MemoryErrorRegsFile</name>
         <uninitialized>true</uninitialized>
         <run_address>0x5f500</run_address>
         <size>0x40</size>
         <input_file_ref idref="fl-6"/>
      </object_component>
      <object_component id="oc-96">
         <name>RomWaitStateRegsFile</name>
         <uninitialized>true</uninitialized>
         <run_address>0x5f540</run_address>
         <size>0x2</size>
         <input_file_ref idref="fl-6"/>
      </object_component>
      <object_component id="oc-ca">
         <name>McbspaRegsFile</name>
         <uninitialized>true</uninitialized>
         <run_address>0x6000</run_address>
         <size>0x24</size>
         <input_file_ref idref="fl-6"/>
      </object_component>
      <object_component id="oc-c9">
         <name>McbspbRegsFile</name>
         <uninitialized>true</uninitialized>
         <run_address>0x6040</run_address>
         <size>0x24</size>
         <input_file_ref idref="fl-6"/>
      </object_component>
      <object_component id="oc-d6">
         <name>UppRegsFile</name>
         <uninitialized>true</uninitialized>
         <run_address>0x6200</run_address>
         <size>0x48</size>
         <input_file_ref idref="fl-6"/>
      </object_component>
      <object_component id="oc-9b">
         <name>NmiIntruptRegsFile</name>
         <uninitialized>true</uninitialized>
         <run_address>0x7060</run_address>
         <size>0x7</size>
         <input_file_ref idref="fl-6"/>
      </object_component>
      <object_component id="oc-af">
         <name>PieCtrlRegsFile</name>
         <uninitialized>true</uninitialized>
         <run_address>0xce0</run_address>
         <size>0x1a</size>
         <input_file_ref idref="fl-6"/>
      </object_component>
      <object_component id="oc-a7">
         <name>SciaRegsFile</name>
         <uninitialized>true</uninitialized>
         <run_address>0x7200</run_address>
         <size>0x10</size>
         <input_file_ref idref="fl-6"/>
      </object_component>
      <object_component id="oc-a6">
         <name>ScibRegsFile</name>
         <uninitialized>true</uninitialized>
         <run_address>0x7210</run_address>
         <size>0x10</size>
         <input_file_ref idref="fl-6"/>
      </object_component>
      <object_component id="oc-a9">
         <name>ScicRegsFile</name>
         <uninitialized>true</uninitialized>
         <run_address>0x7220</run_address>
         <size>0x10</size>
         <input_file_ref idref="fl-6"/>
      </object_component>
      <object_component id="oc-a8">
         <name>ScidRegsFile</name>
         <uninitialized>true</uninitialized>
         <run_address>0x7230</run_address>
         <size>0x10</size>
         <input_file_ref idref="fl-6"/>
      </object_component>
      <object_component id="oc-df">
         <name>Sdfm1RegsFile</name>
         <uninitialized>true</uninitialized>
         <run_address>0x5e00</run_address>
         <size>0x80</size>
         <input_file_ref idref="fl-6"/>
      </object_component>
      <object_component id="oc-db">
         <name>Sdfm2RegsFile</name>
         <uninitialized>true</uninitialized>
         <run_address>0x5e80</run_address>
         <size>0x80</size>
         <input_file_ref idref="fl-6"/>
      </object_component>
      <object_component id="oc-aa">
         <name>SpiaRegsFile</name>
         <uninitialized>true</uninitialized>
         <run_address>0x6100</run_address>
         <size>0x10</size>
         <input_file_ref idref="fl-6"/>
      </object_component>
      <object_component id="oc-a4">
         <name>SpibRegsFile</name>
         <uninitialized>true</uninitialized>
         <run_address>0x6110</run_address>
         <size>0x10</size>
         <input_file_ref idref="fl-6"/>
      </object_component>
      <object_component id="oc-a5">
         <name>SpicRegsFile</name>
         <uninitialized>true</uninitialized>
         <run_address>0x6120</run_address>
         <size>0x10</size>
         <input_file_ref idref="fl-6"/>
      </object_component>
      <object_component id="oc-ef">
         <name>DevCfgRegsFile</name>
         <uninitialized>true</uninitialized>
         <run_address>0x5d000</run_address>
         <size>0x12e</size>
         <input_file_ref idref="fl-6"/>
      </object_component>
      <object_component id="oc-d0">
         <name>ClkCfgRegsFile</name>
         <uninitialized>true</uninitialized>
         <run_address>0x5d200</run_address>
         <size>0x32</size>
         <input_file_ref idref="fl-6"/>
      </object_component>
      <object_component id="oc-e1">
         <name>CpuSysRegsFile</name>
         <uninitialized>true</uninitialized>
         <run_address>0x5d300</run_address>
         <size>0x82</size>
         <input_file_ref idref="fl-6"/>
      </object_component>
      <object_component id="oc-9a">
         <name>SyncSocRegsFile</name>
         <uninitialized>true</uninitialized>
         <run_address>0x7940</run_address>
         <size>0x6</size>
         <input_file_ref idref="fl-6"/>
      </object_component>
      <object_component id="oc-ce">
         <name>WdRegsFile</name>
         <uninitialized>true</uninitialized>
         <run_address>0x7000</run_address>
         <size>0x2b</size>
         <input_file_ref idref="fl-6"/>
      </object_component>
      <object_component id="oc-a3">
         <name>XintRegsFile</name>
         <uninitialized>true</uninitialized>
         <run_address>0x7070</run_address>
         <size>0xb</size>
         <input_file_ref idref="fl-6"/>
      </object_component>
      <object_component id="oc-7e">
         <name>.debug_info</name>
         <load_address>0x0</load_address>
         <run_address>0x0</run_address>
         <size>0x49f7</size>
         <input_file_ref idref="fl-2"/>
      </object_component>
      <object_component id="oc-84">
         <name>.debug_info</name>
         <load_address>0x49f7</load_address>
         <run_address>0x49f7</run_address>
         <size>0x19a</size>
         <input_file_ref idref="fl-3"/>
      </object_component>
      <object_component id="oc-88">
         <name>.debug_info</name>
         <load_address>0x4b91</load_address>
         <run_address>0x4b91</run_address>
         <size>0x7f30</size>
         <input_file_ref idref="fl-4"/>
      </object_component>
      <object_component id="oc-8e">
         <name>.debug_info</name>
         <load_address>0xcac1</load_address>
         <run_address>0xcac1</run_address>
         <size>0x8772</size>
         <input_file_ref idref="fl-5"/>
      </object_component>
      <object_component id="oc-93">
         <name>.debug_info</name>
         <load_address>0x15233</load_address>
         <run_address>0x15233</run_address>
         <size>0x4da8b</size>
         <input_file_ref idref="fl-6"/>
      </object_component>
      <object_component id="oc-f7">
         <name>.debug_info</name>
         <load_address>0x62cbe</load_address>
         <run_address>0x62cbe</run_address>
         <size>0x1918e</size>
         <input_file_ref idref="fl-7"/>
      </object_component>
      <object_component id="oc-fc">
         <name>.debug_info</name>
         <load_address>0x7be4c</load_address>
         <run_address>0x7be4c</run_address>
         <size>0x36df</size>
         <input_file_ref idref="fl-8"/>
      </object_component>
      <object_component id="oc-101">
         <name>.debug_info</name>
         <load_address>0x7f52b</load_address>
         <run_address>0x7f52b</run_address>
         <size>0x681f</size>
         <input_file_ref idref="fl-9"/>
      </object_component>
      <object_component id="oc-106">
         <name>.debug_info</name>
         <load_address>0x85d4a</load_address>
         <run_address>0x85d4a</run_address>
         <size>0xc70d</size>
         <input_file_ref idref="fl-a"/>
      </object_component>
      <object_component id="oc-10c">
         <name>.debug_info</name>
         <load_address>0x92457</load_address>
         <run_address>0x92457</run_address>
         <size>0x195</size>
         <input_file_ref idref="fl-b"/>
      </object_component>
      <object_component id="oc-110">
         <name>.debug_info</name>
         <load_address>0x925ec</load_address>
         <run_address>0x925ec</run_address>
         <size>0x23661</size>
         <input_file_ref idref="fl-c"/>
      </object_component>
      <object_component id="oc-11d">
         <name>.debug_info</name>
         <load_address>0xb5c4d</load_address>
         <run_address>0xb5c4d</run_address>
         <size>0x16b</size>
         <input_file_ref idref="fl-13"/>
      </object_component>
      <object_component id="oc-121">
         <name>.debug_info</name>
         <load_address>0xb5db8</load_address>
         <run_address>0xb5db8</run_address>
         <size>0x5c1</size>
         <input_file_ref idref="fl-14"/>
      </object_component>
      <object_component id="oc-126">
         <name>.debug_info</name>
         <load_address>0xb6379</load_address>
         <run_address>0xb6379</run_address>
         <size>0x5ab</size>
         <input_file_ref idref="fl-15"/>
      </object_component>
      <object_component id="oc-12e">
         <name>.debug_info</name>
         <load_address>0xb6924</load_address>
         <run_address>0xb6924</run_address>
         <size>0x10c</size>
         <input_file_ref idref="fl-16"/>
      </object_component>
      <object_component id="oc-132">
         <name>.debug_info</name>
         <load_address>0xb6a30</load_address>
         <run_address>0xb6a30</run_address>
         <size>0x46f</size>
         <input_file_ref idref="fl-17"/>
      </object_component>
      <object_component id="oc-137">
         <name>.debug_info</name>
         <load_address>0xb6e9f</load_address>
         <run_address>0xb6e9f</run_address>
         <size>0x3e2</size>
         <input_file_ref idref="fl-18"/>
      </object_component>
      <object_component id="oc-13c">
         <name>.debug_info</name>
         <load_address>0xb7281</load_address>
         <run_address>0xb7281</run_address>
         <size>0x697</size>
         <input_file_ref idref="fl-19"/>
      </object_component>
      <object_component id="oc-141">
         <name>.debug_info</name>
         <load_address>0xb7918</load_address>
         <run_address>0xb7918</run_address>
         <size>0x3df</size>
         <input_file_ref idref="fl-1a"/>
      </object_component>
      <object_component id="oc-146">
         <name>.debug_info</name>
         <load_address>0xb7cf7</load_address>
         <run_address>0xb7cf7</run_address>
         <size>0x4cf</size>
         <input_file_ref idref="fl-1b"/>
      </object_component>
      <object_component id="oc-14b">
         <name>.debug_info</name>
         <load_address>0xb81c6</load_address>
         <run_address>0xb81c6</run_address>
         <size>0x501</size>
         <input_file_ref idref="fl-1c"/>
      </object_component>
      <object_component id="oc-150">
         <name>.debug_info</name>
         <load_address>0xb86c7</load_address>
         <run_address>0xb86c7</run_address>
         <size>0x2575</size>
         <input_file_ref idref="fl-1d"/>
      </object_component>
      <object_component id="oc-157">
         <name>.debug_info</name>
         <load_address>0xbac3c</load_address>
         <run_address>0xbac3c</run_address>
         <size>0x4ce</size>
         <input_file_ref idref="fl-1e"/>
      </object_component>
      <object_component id="oc-15c">
         <name>.debug_info</name>
         <load_address>0xbb10a</load_address>
         <run_address>0xbb10a</run_address>
         <size>0x454</size>
         <input_file_ref idref="fl-1f"/>
      </object_component>
      <object_component id="oc-161">
         <name>.debug_info</name>
         <load_address>0xbb55e</load_address>
         <run_address>0xbb55e</run_address>
         <size>0x1dc</size>
         <input_file_ref idref="fl-20"/>
      </object_component>
      <object_component id="oc-164">
         <name>.debug_info</name>
         <load_address>0xbb73a</load_address>
         <run_address>0xbb73a</run_address>
         <size>0x118</size>
         <input_file_ref idref="fl-21"/>
      </object_component>
      <object_component id="oc-169">
         <name>.debug_info</name>
         <load_address>0xbb852</load_address>
         <run_address>0xbb852</run_address>
         <size>0x10c</size>
         <input_file_ref idref="fl-22"/>
      </object_component>
      <object_component id="oc-16e">
         <name>.debug_info</name>
         <load_address>0xbb95e</load_address>
         <run_address>0xbb95e</run_address>
         <size>0x10c</size>
         <input_file_ref idref="fl-23"/>
      </object_component>
      <object_component id="oc-173">
         <name>.debug_info</name>
         <load_address>0xbba6a</load_address>
         <run_address>0xbba6a</run_address>
         <size>0x10c</size>
         <input_file_ref idref="fl-24"/>
      </object_component>
      <object_component id="oc-178">
         <name>.debug_info</name>
         <load_address>0xbbb76</load_address>
         <run_address>0xbbb76</run_address>
         <size>0x11a</size>
         <input_file_ref idref="fl-25"/>
      </object_component>
      <object_component id="oc-17d">
         <name>.debug_info</name>
         <load_address>0xbbc90</load_address>
         <run_address>0xbbc90</run_address>
         <size>0x10c</size>
         <input_file_ref idref="fl-26"/>
      </object_component>
      <object_component id="oc-182">
         <name>.debug_info</name>
         <load_address>0xbbd9c</load_address>
         <run_address>0xbbd9c</run_address>
         <size>0x10c</size>
         <input_file_ref idref="fl-27"/>
      </object_component>
      <object_component id="oc-187">
         <name>.debug_info</name>
         <load_address>0xbbea8</load_address>
         <run_address>0xbbea8</run_address>
         <size>0x112</size>
         <input_file_ref idref="fl-28"/>
      </object_component>
      <object_component id="oc-18c">
         <name>.debug_info</name>
         <load_address>0xbbfba</load_address>
         <run_address>0xbbfba</run_address>
         <size>0x110</size>
         <input_file_ref idref="fl-29"/>
      </object_component>
      <object_component id="oc-191">
         <name>.debug_info</name>
         <load_address>0xbc0ca</load_address>
         <run_address>0xbc0ca</run_address>
         <size>0x110</size>
         <input_file_ref idref="fl-2a"/>
      </object_component>
      <object_component id="oc-196">
         <name>.debug_info</name>
         <load_address>0xbc1da</load_address>
         <run_address>0xbc1da</run_address>
         <size>0x16e</size>
         <input_file_ref idref="fl-2b"/>
      </object_component>
      <object_component id="oc-19b">
         <name>.debug_info</name>
         <load_address>0xbc348</load_address>
         <run_address>0xbc348</run_address>
         <size>0x146</size>
         <input_file_ref idref="fl-2c"/>
      </object_component>
      <object_component id="oc-1a0">
         <name>.debug_info</name>
         <load_address>0xbc48e</load_address>
         <run_address>0xbc48e</run_address>
         <size>0x229</size>
         <input_file_ref idref="fl-2d"/>
      </object_component>
      <object_component id="oc-1a4">
         <name>.debug_info</name>
         <load_address>0xbc6b7</load_address>
         <run_address>0xbc6b7</run_address>
         <size>0x4ee</size>
         <input_file_ref idref="fl-2e"/>
      </object_component>
      <object_component id="oc-1a9">
         <name>.debug_info</name>
         <load_address>0xbcba5</load_address>
         <run_address>0xbcba5</run_address>
         <size>0x46d</size>
         <input_file_ref idref="fl-2f"/>
      </object_component>
      <object_component id="oc-1ae">
         <name>.debug_info</name>
         <load_address>0xbd012</load_address>
         <run_address>0xbd012</run_address>
         <size>0x527</size>
         <input_file_ref idref="fl-30"/>
      </object_component>
      <object_component id="oc-1b3">
         <name>.debug_info</name>
         <load_address>0xbd539</load_address>
         <run_address>0xbd539</run_address>
         <size>0x537</size>
         <input_file_ref idref="fl-31"/>
      </object_component>
      <object_component id="oc-1b9">
         <name>.debug_info</name>
         <load_address>0xbda70</load_address>
         <run_address>0xbda70</run_address>
         <size>0x5e2</size>
         <input_file_ref idref="fl-32"/>
      </object_component>
      <object_component id="oc-1bf">
         <name>.debug_info</name>
         <load_address>0xbe052</load_address>
         <run_address>0xbe052</run_address>
         <size>0x516</size>
         <input_file_ref idref="fl-33"/>
      </object_component>
      <object_component id="oc-1c4">
         <name>.debug_info</name>
         <load_address>0xbe568</load_address>
         <run_address>0xbe568</run_address>
         <size>0x4f0</size>
         <input_file_ref idref="fl-34"/>
      </object_component>
      <object_component id="oc-1c9">
         <name>.debug_info</name>
         <load_address>0xbea58</load_address>
         <run_address>0xbea58</run_address>
         <size>0x1bb</size>
         <input_file_ref idref="fl-35"/>
      </object_component>
      <object_component id="oc-1ce">
         <name>.debug_info</name>
         <load_address>0xbec13</load_address>
         <run_address>0xbec13</run_address>
         <size>0x10c</size>
         <input_file_ref idref="fl-36"/>
      </object_component>
      <object_component id="oc-1d3">
         <name>.debug_info</name>
         <load_address>0xbed1f</load_address>
         <run_address>0xbed1f</run_address>
         <size>0x19d</size>
         <input_file_ref idref="fl-37"/>
      </object_component>
      <object_component id="oc-1d7">
         <name>.debug_info</name>
         <load_address>0xbeebc</load_address>
         <run_address>0xbeebc</run_address>
         <size>0x4c4</size>
         <input_file_ref idref="fl-38"/>
      </object_component>
      <object_component id="oc-286">
         <name>.debug_info</name>
         <load_address>0xbf380</load_address>
         <run_address>0xbf380</run_address>
         <size>0xc9</size>
      </object_component>
      <object_component id="oc-7f">
         <name>.debug_frame</name>
         <load_address>0x0</load_address>
         <run_address>0x0</run_address>
         <size>0x65</size>
         <input_file_ref idref="fl-2"/>
      </object_component>
      <object_component id="oc-8a">
         <name>.debug_frame</name>
         <load_address>0x65</load_address>
         <run_address>0x65</run_address>
         <size>0x1495</size>
         <input_file_ref idref="fl-4"/>
      </object_component>
      <object_component id="oc-8f">
         <name>.debug_frame</name>
         <load_address>0x14fa</load_address>
         <run_address>0x14fa</run_address>
         <size>0x493</size>
         <input_file_ref idref="fl-5"/>
      </object_component>
      <object_component id="oc-f8">
         <name>.debug_frame</name>
         <load_address>0x198d</load_address>
         <run_address>0x198d</run_address>
         <size>0x19e</size>
         <input_file_ref idref="fl-7"/>
      </object_component>
      <object_component id="oc-fd">
         <name>.debug_frame</name>
         <load_address>0x1b2b</load_address>
         <run_address>0x1b2b</run_address>
         <size>0x58</size>
         <input_file_ref idref="fl-8"/>
      </object_component>
      <object_component id="oc-102">
         <name>.debug_frame</name>
         <load_address>0x1b83</load_address>
         <run_address>0x1b83</run_address>
         <size>0x49</size>
         <input_file_ref idref="fl-9"/>
      </object_component>
      <object_component id="oc-107">
         <name>.debug_frame</name>
         <load_address>0x1bcc</load_address>
         <run_address>0x1bcc</run_address>
         <size>0x251</size>
         <input_file_ref idref="fl-a"/>
      </object_component>
      <object_component id="oc-117">
         <name>.debug_frame</name>
         <load_address>0x1e1d</load_address>
         <run_address>0x1e1d</run_address>
         <size>0x1df</size>
         <input_file_ref idref="fl-c"/>
      </object_component>
      <object_component id="oc-122">
         <name>.debug_frame</name>
         <load_address>0x1ffc</load_address>
         <run_address>0x1ffc</run_address>
         <size>0x64</size>
         <input_file_ref idref="fl-14"/>
      </object_component>
      <object_component id="oc-129">
         <name>.debug_frame</name>
         <load_address>0x2060</load_address>
         <run_address>0x2060</run_address>
         <size>0x61</size>
         <input_file_ref idref="fl-15"/>
      </object_component>
      <object_component id="oc-133">
         <name>.debug_frame</name>
         <load_address>0x20c1</load_address>
         <run_address>0x20c1</run_address>
         <size>0x43</size>
         <input_file_ref idref="fl-17"/>
      </object_component>
      <object_component id="oc-138">
         <name>.debug_frame</name>
         <load_address>0x2104</load_address>
         <run_address>0x2104</run_address>
         <size>0x43</size>
         <input_file_ref idref="fl-18"/>
      </object_component>
      <object_component id="oc-13d">
         <name>.debug_frame</name>
         <load_address>0x2147</load_address>
         <run_address>0x2147</run_address>
         <size>0x85</size>
         <input_file_ref idref="fl-19"/>
      </object_component>
      <object_component id="oc-142">
         <name>.debug_frame</name>
         <load_address>0x21cc</load_address>
         <run_address>0x21cc</run_address>
         <size>0x43</size>
         <input_file_ref idref="fl-1a"/>
      </object_component>
      <object_component id="oc-147">
         <name>.debug_frame</name>
         <load_address>0x220f</load_address>
         <run_address>0x220f</run_address>
         <size>0x43</size>
         <input_file_ref idref="fl-1b"/>
      </object_component>
      <object_component id="oc-14c">
         <name>.debug_frame</name>
         <load_address>0x2252</load_address>
         <run_address>0x2252</run_address>
         <size>0x6d</size>
         <input_file_ref idref="fl-1c"/>
      </object_component>
      <object_component id="oc-153">
         <name>.debug_frame</name>
         <load_address>0x22bf</load_address>
         <run_address>0x22bf</run_address>
         <size>0x420</size>
         <input_file_ref idref="fl-1d"/>
      </object_component>
      <object_component id="oc-158">
         <name>.debug_frame</name>
         <load_address>0x26df</load_address>
         <run_address>0x26df</run_address>
         <size>0x43</size>
         <input_file_ref idref="fl-1e"/>
      </object_component>
      <object_component id="oc-15d">
         <name>.debug_frame</name>
         <load_address>0x2722</load_address>
         <run_address>0x2722</run_address>
         <size>0x43</size>
         <input_file_ref idref="fl-1f"/>
      </object_component>
      <object_component id="oc-1a5">
         <name>.debug_frame</name>
         <load_address>0x2765</load_address>
         <run_address>0x2765</run_address>
         <size>0x52</size>
         <input_file_ref idref="fl-2e"/>
      </object_component>
      <object_component id="oc-1aa">
         <name>.debug_frame</name>
         <load_address>0x27b7</load_address>
         <run_address>0x27b7</run_address>
         <size>0x43</size>
         <input_file_ref idref="fl-2f"/>
      </object_component>
      <object_component id="oc-1af">
         <name>.debug_frame</name>
         <load_address>0x27fa</load_address>
         <run_address>0x27fa</run_address>
         <size>0x43</size>
         <input_file_ref idref="fl-30"/>
      </object_component>
      <object_component id="oc-1b5">
         <name>.debug_frame</name>
         <load_address>0x283d</load_address>
         <run_address>0x283d</run_address>
         <size>0x5c</size>
         <input_file_ref idref="fl-31"/>
      </object_component>
      <object_component id="oc-1bb">
         <name>.debug_frame</name>
         <load_address>0x2899</load_address>
         <run_address>0x2899</run_address>
         <size>0x5c</size>
         <input_file_ref idref="fl-32"/>
      </object_component>
      <object_component id="oc-1c0">
         <name>.debug_frame</name>
         <load_address>0x28f5</load_address>
         <run_address>0x28f5</run_address>
         <size>0x47</size>
         <input_file_ref idref="fl-33"/>
      </object_component>
      <object_component id="oc-1c5">
         <name>.debug_frame</name>
         <load_address>0x293c</load_address>
         <run_address>0x293c</run_address>
         <size>0x43</size>
         <input_file_ref idref="fl-34"/>
      </object_component>
      <object_component id="oc-1d8">
         <name>.debug_frame</name>
         <load_address>0x297f</load_address>
         <run_address>0x297f</run_address>
         <size>0x49</size>
         <input_file_ref idref="fl-38"/>
      </object_component>
      <object_component id="oc-80">
         <name>.debug_line</name>
         <load_address>0x0</load_address>
         <run_address>0x0</run_address>
         <size>0x14f</size>
         <input_file_ref idref="fl-2"/>
      </object_component>
      <object_component id="oc-85">
         <name>.debug_line</name>
         <load_address>0x14f</load_address>
         <run_address>0x14f</run_address>
         <size>0x90</size>
         <input_file_ref idref="fl-3"/>
      </object_component>
      <object_component id="oc-8b">
         <name>.debug_line</name>
         <load_address>0x1df</load_address>
         <run_address>0x1df</run_address>
         <size>0xd22</size>
         <input_file_ref idref="fl-4"/>
      </object_component>
      <object_component id="oc-90">
         <name>.debug_line</name>
         <load_address>0xf01</load_address>
         <run_address>0xf01</run_address>
         <size>0x592</size>
         <input_file_ref idref="fl-5"/>
      </object_component>
      <object_component id="oc-f9">
         <name>.debug_line</name>
         <load_address>0x1493</load_address>
         <run_address>0x1493</run_address>
         <size>0x2ac</size>
         <input_file_ref idref="fl-7"/>
      </object_component>
      <object_component id="oc-fe">
         <name>.debug_line</name>
         <load_address>0x173f</load_address>
         <run_address>0x173f</run_address>
         <size>0xca</size>
         <input_file_ref idref="fl-8"/>
      </object_component>
      <object_component id="oc-103">
         <name>.debug_line</name>
         <load_address>0x1809</load_address>
         <run_address>0x1809</run_address>
         <size>0xac</size>
         <input_file_ref idref="fl-9"/>
      </object_component>
      <object_component id="oc-108">
         <name>.debug_line</name>
         <load_address>0x18b5</load_address>
         <run_address>0x18b5</run_address>
         <size>0x612</size>
         <input_file_ref idref="fl-a"/>
      </object_component>
      <object_component id="oc-10d">
         <name>.debug_line</name>
         <load_address>0x1ec7</load_address>
         <run_address>0x1ec7</run_address>
         <size>0x8d</size>
         <input_file_ref idref="fl-b"/>
      </object_component>
      <object_component id="oc-118">
         <name>.debug_line</name>
         <load_address>0x1f54</load_address>
         <run_address>0x1f54</run_address>
         <size>0x370</size>
         <input_file_ref idref="fl-c"/>
      </object_component>
      <object_component id="oc-11e">
         <name>.debug_line</name>
         <load_address>0x22c4</load_address>
         <run_address>0x22c4</run_address>
         <size>0x7e</size>
         <input_file_ref idref="fl-13"/>
      </object_component>
      <object_component id="oc-123">
         <name>.debug_line</name>
         <load_address>0x2342</load_address>
         <run_address>0x2342</run_address>
         <size>0x50</size>
         <input_file_ref idref="fl-14"/>
      </object_component>
      <object_component id="oc-12a">
         <name>.debug_line</name>
         <load_address>0x2392</load_address>
         <run_address>0x2392</run_address>
         <size>0x65</size>
         <input_file_ref idref="fl-15"/>
      </object_component>
      <object_component id="oc-12f">
         <name>.debug_line</name>
         <load_address>0x23f7</load_address>
         <run_address>0x23f7</run_address>
         <size>0xad</size>
         <input_file_ref idref="fl-16"/>
      </object_component>
      <object_component id="oc-134">
         <name>.debug_line</name>
         <load_address>0x24a4</load_address>
         <run_address>0x24a4</run_address>
         <size>0x62</size>
         <input_file_ref idref="fl-17"/>
      </object_component>
      <object_component id="oc-139">
         <name>.debug_line</name>
         <load_address>0x2506</load_address>
         <run_address>0x2506</run_address>
         <size>0x3e</size>
         <input_file_ref idref="fl-18"/>
      </object_component>
      <object_component id="oc-13e">
         <name>.debug_line</name>
         <load_address>0x2544</load_address>
         <run_address>0x2544</run_address>
         <size>0x7d</size>
         <input_file_ref idref="fl-19"/>
      </object_component>
      <object_component id="oc-143">
         <name>.debug_line</name>
         <load_address>0x25c1</load_address>
         <run_address>0x25c1</run_address>
         <size>0x3a</size>
         <input_file_ref idref="fl-1a"/>
      </object_component>
      <object_component id="oc-148">
         <name>.debug_line</name>
         <load_address>0x25fb</load_address>
         <run_address>0x25fb</run_address>
         <size>0xa7</size>
         <input_file_ref idref="fl-1b"/>
      </object_component>
      <object_component id="oc-14d">
         <name>.debug_line</name>
         <load_address>0x26a2</load_address>
         <run_address>0x26a2</run_address>
         <size>0x5e</size>
         <input_file_ref idref="fl-1c"/>
      </object_component>
      <object_component id="oc-154">
         <name>.debug_line</name>
         <load_address>0x2700</load_address>
         <run_address>0x2700</run_address>
         <size>0xbfa</size>
         <input_file_ref idref="fl-1d"/>
      </object_component>
      <object_component id="oc-159">
         <name>.debug_line</name>
         <load_address>0x32fa</load_address>
         <run_address>0x32fa</run_address>
         <size>0x55</size>
         <input_file_ref idref="fl-1e"/>
      </object_component>
      <object_component id="oc-15e">
         <name>.debug_line</name>
         <load_address>0x334f</load_address>
         <run_address>0x334f</run_address>
         <size>0x6a</size>
         <input_file_ref idref="fl-1f"/>
      </object_component>
      <object_component id="oc-165">
         <name>.debug_line</name>
         <load_address>0x33b9</load_address>
         <run_address>0x33b9</run_address>
         <size>0x60</size>
         <input_file_ref idref="fl-21"/>
      </object_component>
      <object_component id="oc-16a">
         <name>.debug_line</name>
         <load_address>0x3419</load_address>
         <run_address>0x3419</run_address>
         <size>0xb3</size>
         <input_file_ref idref="fl-22"/>
      </object_component>
[...]
         <value>0x7060</value>
         <object_component_ref idref="oc-9b"/>
      </symbol>
      <symbol id="sm-3c1">
         <name>_EPwm3Regs</name>
         <value>0x4200</value>
         <object_component_ref idref="oc-e9"/>
      </symbol>
      <symbol id="sm-3c2">
         <name>_Flash1EccRegs</name>
         <value>0x5ff00</value>
         <object_component_ref idref="oc-cc"/>
      </symbol>
      <symbol id="sm-3c3">
         <name>_I2caRegs</name>
         <value>0x7300</value>
         <object_component_ref idref="oc-c4"/>
      </symbol>
      <symbol id="sm-3e4">
         <name>_GPIO_SetupLock</name>
         <value>0x8415c</value>
         <object_component_ref idref="oc-1e6"/>
      </symbol>
      <symbol id="sm-3e5">
         <name>_GPIO_SetupXINT4Gpio</name>
         <value>0x841a3</value>
         <object_component_ref idref="oc-1e6"/>
      </symbol>
      <symbol id="sm-3e6">
         <name>_InitGpio</name>
         <value>0x84000</value>
         <object_component_ref idref="oc-1e6"/>
      </symbol>
      <symbol id="sm-3e7">
         <name>_GPIO_SetupXINT5Gpio</name>
         <value>0x841ad</value>
         <object_component_ref idref="oc-1e6"/>
      </symbol>
      <symbol id="sm-3e8">
         <name>_GPIO_EnableUnbondedIOPullupsFor176Pin</name>
         <value>0x841b7</value>
         <object_component_ref idref="oc-1e6"/>
      </symbol>
      <symbol id="sm-3e9">
         <name>_GPIO_SetupXINT2Gpio</name>
         <value>0x8418f</value>
         <object_component_ref idref="oc-1e6"/>
      </symbol>
      <symbol id="sm-3ea">
         <name>_GPIO_SetupXINT3Gpio</name>
         <value>0x84199</value>
         <object_component_ref idref="oc-1e6"/>
      </symbol>
      <symbol id="sm-3eb">
         <name>_GPIO_WritePin</name>
         <value>0x84222</value>
         <object_component_ref idref="oc-1e6"/>
      </symbol>
      <symbol id="sm-3ec">
         <name>_GPIO_SetupPinOptions</name>
         <value>0x840c8</value>
         <object_component_ref idref="oc-1e6"/>
      </symbol>
      <symbol id="sm-3ed">
         <name>_GPIO_EnableUnbondedIOPullups</name>
         <value>0x841f5</value>
         <object_component_ref idref="oc-1e6"/>
      </symbol>
      <symbol id="sm-3ee">
         <name>_GPIO_SetupXINT1Gpio</name>
         <value>0x84185</value>
         <object_component_ref idref="oc-1e6"/>
      </symbol>
      <symbol id="sm-3ef">
         <name>_GPIO_SetupPinMux</name>
         <value>0x84040</value>
         <object_component_ref idref="oc-1e6"/>
      </symbol>
      <symbol id="sm-3f0">
         <name>_GPIO_EnableUnbondedIOPullupsFor100Pin</name>
         <value>0x841d0</value>
         <object_component_ref idref="oc-1e6"/>
      </symbol>
      <symbol id="sm-3f1">
         <name>_GPIO_ReadPin</name>
         <value>0x8420b</value>
         <object_component_ref idref="oc-1e6"/>
      </symbol>
      <symbol id="sm-3fd">
         <name>_InitPieCtrl</name>
         <value>0x847fb</value>
         <object_component_ref idref="oc-1e7"/>
      </symbol>
      <symbol id="sm-3fe">
         <name>_EnableInterrupts</name>
         <value>0x8481a</value>
         <object_component_ref idref="oc-1e7"/>
      </symbol>
      <symbol id="sm-40e">
         <name>_PieVectTableInit</name>
         <value>0x90000</value>
         <object_component_ref idref="oc-1f0"/>
      </symbol>
      <symbol id="sm-40f">
         <name>_InitPieVectTable</name>
         <value>0x84823</value>
         <object_component_ref idref="oc-1e8"/>
      </symbol>
      <symbol id="sm-453">
         <name>_FlashOff_Bank1</name>
         <value>0x8060</value>
         <object_component_ref idref="oc-1ef"/>
      </symbol>
      <symbol id="sm-454">
         <name>_FlashOff_Bank0</name>
         <value>0x8052</value>
         <object_component_ref idref="oc-1ef"/>
      </symbol>
      <symbol id="sm-455">
         <name>_InitSysPll</name>
         <value>0x832dc</value>
         <object_component_ref idref="oc-1e5"/>
      </symbol>
      <symbol id="sm-456">
         <name>_DisablePeripheralClocks</name>
         <value>0x83280</value>
         <object_component_ref idref="oc-1e5"/>
      </symbol>
      <symbol id="sm-457">
         <name>_DisableDog</name>
         <value>0x832ce</value>
         <object_component_ref idref="oc-1e5"/>
      </symbol>
      <symbol id="sm-458">
         <name>_SysIntOsc2Sel</name>
         <value>0x835df</value>
         <object_component_ref idref="oc-1e5"/>
      </symbol>
      <symbol id="sm-459">
         <name>_ReleaseFlashPump</name>
         <value>0x832b6</value>
         <object_component_ref idref="oc-1e5"/>
      </symbol>
      <symbol id="sm-45a">
         <name>_HALT</name>
         <value>0x8362b</value>
         <object_component_ref idref="oc-1e5"/>
      </symbol>
      <symbol id="sm-45b">
         <name>_IDLE</name>
         <value>0x83617</value>
         <object_component_ref idref="oc-1e5"/>
      </symbol>
      <symbol id="sm-45c">
         <name>_InitPeripheralClocks</name>
         <value>0x831fc</value>
         <object_component_ref idref="oc-1e5"/>
      </symbol>
      <symbol id="sm-45d">
         <name>_InitFlash_Bank0</name>
         <value>0x8000</value>
         <object_component_ref idref="oc-1ef"/>
      </symbol>
      <symbol id="sm-45e">
         <name>_InitFlash_Bank1</name>
         <value>0x8029</value>
         <object_component_ref idref="oc-1ef"/>
      </symbol>
      <symbol id="sm-45f">
         <name>_SysXtalOscSel</name>
         <value>0x835eb</value>
         <object_component_ref idref="oc-1e5"/>
      </symbol>
      <symbol id="sm-460">
         <name>_CsmUnlock</name>
         <value>0x835b2</value>
         <object_component_ref idref="oc-1e5"/>
      </symbol>
      <symbol id="sm-461">
         <name>_SysIntOsc1Sel</name>
         <value>0x835d3</value>
         <object_component_ref idref="oc-1e5"/>
      </symbol>
      <symbol id="sm-462">
         <name>_ServiceDog</name>
         <value>0x832c0</value>
         <object_component_ref idref="oc-1e5"/>
      </symbol>
      <symbol id="sm-463">
         <name>_HIB</name>
         <value>0x8363c</value>
         <object_component_ref idref="oc-1e5"/>
      </symbol>
      <symbol id="sm-464">
         <name>_AuxAuxClkSel</name>
         <value>0x8360d</value>
         <object_component_ref idref="oc-1e5"/>
      </symbol>
      <symbol id="sm-465">
         <name>_AuxIntOsc2Sel</name>
         <value>0x835f7</value>
         <object_component_ref idref="oc-1e5"/>
      </symbol>
      <symbol id="sm-466">
         <name>_InitAuxPll</name>
         <value>0x834cb</value>
         <object_component_ref idref="oc-1e5"/>
      </symbol>
      <symbol id="sm-467">
         <name>_InitSysCtrl</name>
         <value>0x831bf</value>
         <object_component_ref idref="oc-1e5"/>
      </symbol>
      <symbol id="sm-468">
         <name>_SeizeFlashPump_Bank1</name>
         <value>0x832a7</value>
         <object_component_ref idref="oc-1e5"/>
      </symbol>
      <symbol id="sm-469">
         <name>_SeizeFlashPump_Bank0</name>
         <value>0x83298</value>
         <object_component_ref idref="oc-1e5"/>
      </symbol>
      <symbol id="sm-46a">
         <name>_STANDBY</name>
         <value>0x83620</value>
         <object_component_ref idref="oc-1e5"/>
      </symbol>
      <symbol id="sm-46b">
         <name>_AuxXtalOscSel</name>
         <value>0x83601</value>
         <object_component_ref idref="oc-1e5"/>
      </symbol>
      <symbol id="sm-477">
         <name>_F28x_usDelay</name>
         <value>0x80a5</value>
         <object_component_ref idref="oc-10b"/>
      </symbol>
      <symbol id="sm-4aa">
         <name>_Rx_w_idx</name>
         <value>0xa805</value>
         <object_component_ref idref="oc-112"/>
      </symbol>
      <symbol id="sm-4ab">
         <name>_main</name>
         <value>0x83650</value>
         <object_component_ref idref="oc-1e2"/>
      </symbol>
      <symbol id="sm-4ac">
         <name>_ConfigureADC</name>
         <value>0x837dc</value>
         <object_component_ref idref="oc-1e2"/>
      </symbol>
      <symbol id="sm-4ad">
         <name>_scibRxFifoIsr</name>
         <value>0x8437b</value>
         <object_component_ref idref="oc-114"/>
      </symbol>
      <symbol id="sm-4ae">
         <name>_Rxbuff</name>
         <value>0xa840</value>
         <object_component_ref idref="oc-112"/>
      </symbol>
      <symbol id="sm-4af">
         <name>_Txbuff</name>
         <value>0xa880</value>
         <object_component_ref idref="oc-112"/>
      </symbol>
      <symbol id="sm-4b0">
         <name>_Tx_w_idx</name>
         <value>0xa802</value>
         <object_component_ref idref="oc-112"/>
      </symbol>
      <symbol id="sm-4b1">
         <name>_SetupADCContinuous</name>
         <value>0x8380c</value>
         <object_component_ref idref="oc-1e2"/>
      </symbol>
      <symbol id="sm-4b2">
         <name>_dmach1_isr</name>
         <value>0x8085</value>
         <object_component_ref idref="oc-115"/>
      </symbol>
      <symbol id="sm-4b3">
         <name>_cnt</name>
         <value>0xa804</value>
         <object_component_ref idref="oc-112"/>
      </symbol>
      <symbol id="sm-4b4">
         <name>_scibTxFifoIsr</name>
         <value>0x84319</value>
         <object_component_ref idref="oc-114"/>
      </symbol>
      <symbol id="sm-4b5">
         <name>_Rx_r_idx</name>
         <value>0xa801</value>
         <object_component_ref idref="oc-112"/>
      </symbol>
      <symbol id="sm-4b6">
         <name>_adcData1</name>
         <value>0xc000</value>
         <object_component_ref idref="oc-113"/>
      </symbol>
      <symbol id="sm-4b7">
         <name>_adcData0</name>
         <value>0xc400</value>
         <object_component_ref idref="oc-113"/>
      </symbol>
      <symbol id="sm-4b8">
         <name>_buff</name>
         <value>0xa806</value>
         <object_component_ref idref="oc-112"/>
      </symbol>
      <symbol id="sm-4b9">
         <name>_ConfigureEPWM</name>
         <value>0x837bc</value>
         <object_component_ref idref="oc-1e2"/>
      </symbol>
      <symbol id="sm-4ba">
         <name>_done</name>
         <value>0xa803</value>
         <object_component_ref idref="oc-112"/>
      </symbol>
      <symbol id="sm-4bb">
         <name>_Tx_r_idx</name>
         <value>0xa800</value>
         <object_component_ref idref="oc-112"/>
      </symbol>
      <symbol id="sm-4bc">
         <name>_scib_fifo_init</name>
         <value>0x837a3</value>
         <object_component_ref idref="oc-1e2"/>
      </symbol>
      <symbol id="sm-4bd">
         <name>_adca1_isr</name>
         <value>0x806e</value>
         <object_component_ref idref="oc-115"/>
      </symbol>
      <symbol id="sm-4be">
         <name>_DMAInit</name>
         <value>0x83a1a</value>
         <object_component_ref idref="oc-1e2"/>
      </symbol>
      <symbol id="sm-4d9">
         <name>_c_int00</name>
         <value>0x84697</value>
         <object_component_ref idref="oc-7d"/>
      </symbol>
      <symbol id="sm-4da">
         <name>__stack</name>
         <value>0x400</value>
         <object_component_ref idref="oc-11b"/>
      </symbol>
      <symbol id="sm-4e9">
         <name>_copy_in</name>
         <value>0x84849</value>
         <object_component_ref idref="oc-1dd"/>
      </symbol>
      <symbol id="sm-4fd">
         <name>C$$EXIT</name>
         <value>0x847d2</value>
         <object_component_ref idref="oc-1e0"/>
      </symbol>
      <symbol id="sm-4fe">
         <name>_exit</name>
         <value>0x847d4</value>
         <object_component_ref idref="oc-1e0"/>
      </symbol>
      <symbol id="sm-4ff">
         <name>___TI_cleanup_ptr</name>
         <value>0xa8c2</value>
         <object_component_ref idref="oc-128"/>
      </symbol>
      <symbol id="sm-500">
         <name>___TI_enable_exit_profile_output</name>
         <value>0xa8c0</value>
         <object_component_ref idref="oc-128"/>
      </symbol>
      <symbol id="sm-501">
         <name>_abort</name>
         <value>0x847d2</value>
         <object_component_ref idref="oc-1e0"/>
      </symbol>
      <symbol id="sm-502">
         <name>___TI_dtors_ptr</name>
         <value>0xa8c4</value>
         <object_component_ref idref="oc-128"/>
      </symbol>
      <symbol id="sm-513">
         <name>FS$$DIV</name>
         <value>0x84532</value>
         <object_component_ref idref="oc-12d"/>
      </symbol>
      <symbol id="sm-524">
         <name>_memcpy</name>
         <value>0x848ef</value>
         <object_component_ref idref="oc-1e1"/>
      </symbol>
      <symbol id="sm-530">
         <name>__system_pre_init</name>
         <value>0x849d9</value>
         <object_component_ref idref="oc-1dc"/>
      </symbol>
      <symbol id="sm-53e">
         <name>_sprintf</name>
         <value>0x846ed</value>
         <object_component_ref idref="oc-1ea"/>
      </symbol>
      <symbol id="sm-54a">
         <name>__system_post_cinit</name>
         <value>0x849db</value>
         <object_component_ref idref="oc-1de"/>
      </symbol>
      <symbol id="sm-557">
         <name>_strlen</name>
         <value>0x849cc</value>
         <object_component_ref idref="oc-1eb"/>
      </symbol>
      <symbol id="sm-56b">
         <name>__unlock</name>
         <value>0xa8c8</value>
         <object_component_ref idref="oc-1f2"/>
      </symbol>
      <symbol id="sm-56c">
         <name>__lock</name>
         <value>0xa8c6</value>
         <object_component_ref idref="oc-1e3"/>
      </symbol>
      <symbol id="sm-56d">
         <name>__register_lock</name>
         <value>0x849be</value>
         <object_component_ref idref="oc-1ed"/>
      </symbol>
      <symbol id="sm-56e">
         <name>__nop</name>
         <value>0x849c2</value>
         <object_component_ref idref="oc-1ed"/>
      </symbol>
      <symbol id="sm-56f">
         <name>__register_unlock</name>
         <value>0x849ba</value>
         <object_component_ref idref="oc-1ed"/>
      </symbol>
      <symbol id="sm-69a">
         <name>___TI_printfi</name>
         <value>0x82b07</value>
         <object_component_ref idref="oc-1f1"/>
      </symbol>
      <symbol id="sm-6a9">
         <name>__args_main</name>
         <value>0x84962</value>
         <object_component_ref idref="oc-1df"/>
      </symbol>
      <symbol id="sm-6bd">
         <name>_atoi</name>
         <value>0x8471f</value>
         <object_component_ref idref="oc-1f3"/>
      </symbol>
      <symbol id="sm-6c5">
         <name>__ctypes_</name>
         <value>0x901c0</value>
         <object_component_ref idref="oc-1fb"/>
      </symbol>
      <symbol id="sm-6d5">
         <name>FD$$CMP</name>
         <value>0x8477e</value>
         <object_component_ref idref="oc-163"/>
      </symbol>
      <symbol id="sm-6ec">
         <name>FD$$DIV</name>
         <value>0x83f69</value>
         <object_component_ref idref="oc-168"/>
      </symbol>
      <symbol id="sm-6fe">
         <name>FD$$MPY</name>
         <value>0x845ba</value>
         <object_component_ref idref="oc-16d"/>
      </symbol>
      <symbol id="sm-70b">
         <name>FD$$NEG</name>
         <value>0x849c3</value>
         <object_component_ref idref="oc-172"/>
      </symbol>
      <symbol id="sm-717">
         <name>FD$$SUB</name>
         <value>0x84993</value>
         <object_component_ref idref="oc-177"/>
      </symbol>
      <symbol id="sm-726">
         <name>FD$$TOI</name>
         <value>0x84891</value>
         <object_component_ref idref="oc-17c"/>
      </symbol>
      <symbol id="sm-735">
         <name>FD$$TOL</name>
         <value>0x848b2</value>
         <object_component_ref idref="oc-181"/>
      </symbol>
      <symbol id="sm-745">
         <name>FS$$TOFD</name>
         <value>0x8492a</value>
         <object_component_ref idref="oc-186"/>
      </symbol>
      <symbol id="sm-755">
         <name>I$$TOFD</name>
         <value>0x8490d</value>
         <object_component_ref idref="oc-18b"/>
      </symbol>
      <symbol id="sm-765">
         <name>L$$TOFD</name>
         <value>0x84946</value>
         <object_component_ref idref="oc-190"/>
      </symbol>
      <symbol id="sm-771">
         <name>LL$$AND</name>
         <value>0x8497b</value>
         <object_component_ref idref="oc-195"/>
      </symbol>
      <symbol id="sm-772">
         <name>LL$$OR</name>
         <value>0x84983</value>
         <object_component_ref idref="oc-195"/>
      </symbol>
      <symbol id="sm-773">
         <name>LL$$XOR</name>
         <value>0x8498b</value>
         <object_component_ref idref="oc-195"/>
      </symbol>
      <symbol id="sm-781">
         <name>ULL$$CMP</name>
         <value>0x848e3</value>
         <object_component_ref idref="oc-19a"/>
      </symbol>
      <symbol id="sm-782">
         <name>LL$$CMP</name>
         <value>0x848d1</value>
         <object_component_ref idref="oc-19a"/>
      </symbol>
      <symbol id="sm-7ae">
         <name>ULL$$MOD</name>
         <value>0x83f07</value>
         <object_component_ref idref="oc-19f"/>
      </symbol>
      <symbol id="sm-7af">
         <name>ULL$$DIV</name>
         <value>0x83ed8</value>
         <object_component_ref idref="oc-19f"/>
      </symbol>
      <symbol id="sm-7b0">
         <name>LL$$MOD</name>
         <value>0x83e9e</value>
         <object_component_ref idref="oc-19f"/>
      </symbol>
      <symbol id="sm-7b1">
         <name>LL$$DIV</name>
         <value>0x83e62</value>
         <object_component_ref idref="oc-19f"/>
      </symbol>
      <symbol id="sm-7bf">
         <name>_ltoa</name>
         <value>0x84750</value>
         <object_component_ref idref="oc-1f4"/>
      </symbol>
      <symbol id="sm-7ce">
         <name>_memccpy</name>
         <value>0x849a1</value>
         <object_component_ref idref="oc-1fa"/>
      </symbol>
      <symbol id="sm-7dc">
         <name>_memset</name>
         <value>0x83ff4</value>
         <object_component_ref idref="oc-1f8"/>
      </symbol>
      <symbol id="sm-7ef">
         <name>_frexpl</name>
         <value>0x8463d</value>
         <object_component_ref idref="oc-1f5"/>
      </symbol>
      <symbol id="sm-80c">
         <name>_scalbnl</name>
         <value>0x843da</value>
         <object_component_ref idref="oc-1f6"/>
      </symbol>
      <symbol id="sm-80d">
         <name>_ldexpl</name>
         <value>0x843da</value>
         <object_component_ref idref="oc-1f6"/>
      </symbol>
      <symbol id="sm-81c">
         <name>_strchr</name>
         <value>0x849ae</value>
         <object_component_ref idref="oc-1f7"/>
      </symbol>
      <symbol id="sm-829">
         <name>_strcpy</name>
         <value>0x849d4</value>
         <object_component_ref idref="oc-1f9"/>
      </symbol>
      <symbol id="sm-833">
         <name>_errno</name>
         <value>0xa8ca</value>
         <object_component_ref idref="oc-1cb"/>
      </symbol>
      <symbol id="sm-84e">
         <name>FD$$ADD</name>
         <value>0x84496</value>
         <object_component_ref idref="oc-1cd"/>
      </symbol>
      <symbol id="sm-85a">
         <name>UL$$MOD</name>
         <value>0x847cc</value>
         <object_component_ref idref="oc-1d2"/>
      </symbol>
      <symbol id="sm-85b">
         <name>L$$MOD</name>
         <value>0x847b7</value>
         <object_component_ref idref="oc-1d2"/>
      </symbol>
      <symbol id="sm-85c">
         <name>L$$DIV</name>
         <value>0x847a8</value>
         <object_component_ref idref="oc-1d2"/>
      </symbol>
      <symbol id="sm-85d">
         <name>UL$$DIV</name>
         <value>0x847c5</value>
         <object_component_ref idref="oc-1d2"/>
      </symbol>
      <symbol id="sm-86a">
         <name>_copysignl</name>
         <value>0x8486d</value>
         <object_component_ref idref="oc-1fc"/>
      </symbol>
   </symbol_table>
   <title>Link successful</title>
</link_info>
